╔═════════════════ POKER ═════════════════╗
║  Pot: 30     Hand #1    PREFLOP  ║           
╠═════════════════════════════════════════════╣
║  AI-1   [●●][●●]  $1000             ║        
║  AI-2   [●●][●●]  $990    Bet 10    ║        
╠═════════════════════════════════════════════╣
Board:  __   __   __   __   __                 
╠═════════════════════════════════════════════╣
║  YOU    [K♣][J♥]  $980    to call: 0  ║      


╚═════════════════════════════════════════════╝