
  SUDOKU    Time: 00:00   Score: 10000
  ╔══════════════════════════════╗
  ║  8  1  9 │ ·  4  7 │ 3  ·  5 ║
  ║  ·  ·  5 │ 9  ·  3 │ ·  ·  2 ║
  ║  ·  ·  · │ ·  ·  · │ ·  ·  · ║
  ║ ─────────┼─────────┼─────────║
  ║  ·  ·  · │ 3  2  · │ 5  7  · ║
  ║  3  5  · │ ·  7  1 │ 2  ·  9 ║
  ║  6  ·  · │ 4  5  · │ 8  3  1 ║
  ║ ─────────┼─────────┼─────────║
  ║  ·  2  · │ ·  ·  5 │ 6  9  · ║
  ║  7  8  · │ ·  ·  2 │ ·  5  3 ║
  ║  ·  9  · │ 8  ·  4 │ ·  2  · ║
  ╚══════════════════════════════╝
  Mode: [Normal]   [↑↓←→] Move  [1-9] Enter  [Space] Pencil  [U] Undo  [P] Pause  [H] Match
