
╔════════════════════════════════════════╗  
║········································║  
║········································║   SCORE
║········································║   0
║········································║  
║········································║   LEVEL
║········································║   1
║········································║  
║··········◆◆····························║   LENGTH
║········································║   3
║········································║  
║················██████··················║  
║········································║  
║········································║  
║········································║  
║········································║  
║········································║  
║········································║  
║········································║  
║········································║  
║········································║  
╚════════════════════════════════════════╝  

  [←→↑↓] Move   [P] Pause   [Q] Quit
