╔══════════════════════════════════════════════╗
║                  BLACKJACK                   ║
╠══════════════════════════════════════════════╣
║ DEALER  [J♥] [??] (10+?)                     ║
╠══════════════════════════════════════════════╣
║ YOU    [K♣] [9♦] (19)                        ║
║                                              ║
║                                              ║
║                                              ║
║  Wins: 0   Rounds: 2                         ║
╚══════════════════════════════════════════════╝