╔══════════════════════════════════════════════════════╗
║                      BLACKJACK                       ║
╠══════════════════════════════════════════════════════╣
║ DEALER  [4♠] [??] (4+?)                              ║
╠══════════════════════════════════════════════════════╣
║ YOU     [2♠] [7♦] (9)  $10                           ║
║                                                      ║
║                                                      ║
║                                                      ║
║  Count: +2   True: +0.3   Decks left: 5.9            ║
║                                                      ║
║  Bankroll: $1000   Wins: 0   Rounds: 1               ║
╚══════════════════════════════════════════════════════╝