╔══════════════════════════════════════════════════════╗
║                      BLACKJACK                       ║
╠══════════════════════════════════════════════════════╣
║ Bankroll: $1000                                      ║
║                                                      ║
║  Bet: $10     ◀ ▶ Adjust   ENTER Deal                ║
║                                                      ║
║                                                      ║
║                                                      ║
║  Bankroll: $1000   Wins: 0   Rounds: 0               ║
╚══════════════════════════════════════════════════════╝