
  ╔════════════════════════╗  ╔══════════════╗
  ║  ········████████····  ║  ║    NEXT      ║
  ║  ····················  ║  ║              ║
  ║  ····················  ║  ║   ████····   ║
  ║  ····················  ║  ║   ████····   ║
  ║  ····················  ║  ║   ········   ║
  ║  ····················  ║  ║   ········   ║
  ║  ····················  ║  ║              ║
  ║  ····················  ║  ╠══════════════╣
  ║  ····················  ║  ║    HOLD  ----║
  ║  ····················  ║  ║              ║
  ║  ····················  ║  ║   ········   ║
  ║  ····················  ║  ║   ········   ║
  ║  ····················  ║  ║   ········   ║
  ║  ····················  ║  ║   ········   ║
  ║  ····················  ║  ║              ║
  ║  ····················  ║  ╠══════════════╣
  ║  ····················  ║  ║ SCORE: 0     ║
  ║  ····················  ║  ║ LEVEL: 1     ║
  ║  ····················  ║  ║ LINES: 0     ║
  ║  ········░░░░░░░░····  ║  ║              ║
  ╚════════════════════════╝  ╚══════════════╝
  ╔══════════════════════════════════════════╗
  ║ [←→] Move  [↑] Rotate  [↓] Soft drop     ║
  ║ [Spc] Hard drop  [C] Hold  [Z] Swap      ║
  ║ [P] Pause  [Q] Quit                      ║
  ╚══════════════════════════════════════════╝
